// Jest Snapshot v1, https://goo.gl/fbAQLP

exports[`formatDate should format the date correctly 1`] = `"01.07.2021"`;

exports[`formatDate should format the date correctly for a different language 1`] = `"01.07.2021"`;
